2026-05-12 18:11:51  INFO      Scanning for .doc files...
2026-05-12 18:11:51  INFO      Found 763 .doc files
2026-05-12 18:11:51  INFO      Converting 763 files...

2026-05-12 18:11:59  DEBUG     OK: 06-Josh 4-Mounments.doc
2026-05-12 18:12:01  DEBUG     OK: 08-Josh 6-Jericho.doc
2026-05-12 18:12:02  DEBUG     OK: 12 OClock.doc
2026-05-12 18:12:04  DEBUG     OK: 2 Chronicles 7.doc
2026-05-12 18:12:05  DEBUG     OK: 2 Kings 19.doc
2026-05-12 18:12:07  DEBUG     OK: 22-Eccl 11.1-6-Be Bullish!.doc
2026-05-12 18:12:08  DEBUG     OK: 23-Eccl 11.7-12.1-Enjoying Life Now, Not Later.doc
2026-05-12 18:12:10  DEBUG     OK: A  MESSAGE TO  THE  WEARY.doc
2026-05-12 18:12:11  DEBUG     OK: A Call to Prayer.doc
2026-05-12 18:12:13  DEBUG     OK: A Case Of Mistaken Identity.doc
2026-05-12 18:12:14  DEBUG     OK: A Dad Who Made A Difference.doc
2026-05-12 18:12:16  DEBUG     OK: A DAILY DISCIPLINE.doc
2026-05-12 18:12:18  DEBUG     OK: A Fathers Joy.doc
2026-05-12 18:12:20  DEBUG     OK: A Field of Meditation.doc
2026-05-12 18:12:21  DEBUG     OK: A FRESH LOOK.doc
2026-05-12 18:12:23  DEBUG     OK: A Hope That Maketh Not Ashamed.doc
2026-05-12 18:12:25  DEBUG     OK: A Love Story That Went Wrong.doc
2026-05-12 18:12:27  DEBUG     OK: A PLACE AT THE LORDS TABLE.doc
2026-05-12 18:12:29  DEBUG     OK: A PLACE TO GO WHEN WE HURT THE MOST.doc
2026-05-12 18:12:31  DEBUG     OK: A Righteous Man.doc
2026-05-12 18:12:33  DEBUG     OK: A SERMON WORTH REPEATING.doc
2026-05-12 18:12:36  DEBUG     OK: A SHELTER IN THE TIME OF STORM.doc
2026-05-12 18:12:38  DEBUG     OK: A Simple Christmas.doc
2026-05-12 18:12:40  DEBUG     OK: A Symbol of Christian Liberty.doc
2026-05-12 18:12:42  DEBUG     OK: A Time for Everything.doc
2026-05-12 18:12:44  DEBUG     OK: A Time to Wake.doc
2026-05-12 18:12:46  DEBUG     OK: A Warning to Believers.doc
2026-05-12 18:12:49  DEBUG     OK: Abraham To The Rescue.doc
2026-05-12 18:12:51  DEBUG     OK: Adam Where Art Thou.doc
2026-05-12 18:12:53  DEBUG     OK: Against All Odds.doc
2026-05-12 18:12:55  DEBUG     OK: AGUR Math.doc
2026-05-12 18:12:57  DEBUG     OK: All Fowl of Every Wing.doc
2026-05-12 18:12:59  DEBUG     OK: An Exposition of Luke 23.doc
2026-05-12 18:13:02  DEBUG     OK: ANCIENT LANDMARKS.doc
2026-05-12 18:13:04  DEBUG     OK: Anything You Wanted.doc
2026-05-12 18:13:06  DEBUG     OK: ARE THE BIBLE AND CHURCH RELEVANT.doc
2026-05-12 18:13:09  DEBUG     OK: Are They Getting a Separation.doc
2026-05-12 18:13:10  DEBUG     OK: Are We Doing All God Says.doc
2026-05-12 18:13:12  DEBUG     OK: Are We For Real.doc
2026-05-12 18:13:14  DEBUG     OK: Are You Rapture Ready Or Rapture Resistant.doc
2026-05-12 18:13:16  DEBUG     OK: ARE YOU THIRSTY.doc
2026-05-12 18:13:17  DEBUG     OK: ARE YOU THIRSTY2.doc
2026-05-12 18:13:19  DEBUG     OK: Back To The Basics-whawley-PC.doc
2026-05-12 18:13:21  DEBUG     OK: Back To The Basics.doc
2026-05-12 18:13:22  DEBUG     OK: Backslidden.doc
2026-05-12 18:13:24  DEBUG     OK: Barefoot Christians.doc
2026-05-12 18:13:26  DEBUG     OK: BE SURE YOUR SIN WILL FIND YOU OUT.doc
2026-05-12 18:13:28  DEBUG     OK: Bearing Christians.doc
2026-05-12 18:13:29  DEBUG     OK: BECAUSE GOD IS WITH YOU.doc
2026-05-12 18:13:31  DEBUG     OK: BEHOLD.doc
2026-05-12 18:13:33  DEBUG     OK: Being Still.doc
2026-05-12 18:13:35  DEBUG     OK: Better Than I Deserve.doc
2026-05-12 18:13:37  DEBUG     OK: BETTER THAN THE BEGINNING.doc
2026-05-12 18:13:39  DEBUG     OK: Beware of Compromise.doc
2026-05-12 18:13:40  DEBUG     OK: Binding The Hands Of Jesus.doc
2026-05-12 18:13:42  DEBUG     OK: Bitterness for Him.doc
2026-05-12 18:13:44  DEBUG     OK: BITTERNESS.doc
2026-05-12 18:13:46  DEBUG     OK: Blood of Christ.doc
2026-05-12 18:13:48  DEBUG     OK: BRINGING BACK THE BLESSING OF GOD.doc
2026-05-12 18:13:51  DEBUG     OK: Bringing In the Sheaves.doc
2026-05-12 18:13:53  DEBUG     OK: Brotherly Kindness.doc
2026-05-12 18:13:55  DEBUG     OK: 'Lord Give Me This Mountain.doc
2026-05-12 18:13:57  DEBUG     OK: A Case Of Mistaken Identity.doc
2026-05-12 18:14:00  DEBUG     OK: A Friend of God.doc
2026-05-12 18:14:03  DEBUG     OK: A KNOW SO SALVATION.doc
2026-05-12 18:14:06  DEBUG     OK: A LIFE OF TOTAL COMMITMENT.doc
2026-05-12 18:14:09  DEBUG     OK: A MIGHTY REVIVAL.doc
2026-05-12 18:14:11  DEBUG     OK: A MOTHER WHO WORKED WITH GOD.doc
2026-05-12 18:14:13  DEBUG     OK: A NEW FOCUS FOR A NEW YEAR.doc
2026-05-12 18:14:15  DEBUG     OK: A RELIGION WITHOUT EASTER.doc
2026-05-12 18:14:17  DEBUG     OK: A SUFFERING SAVIOR FOR SUFFERING PEOPLE.doc
2026-05-12 18:14:19  DEBUG     OK: A Wholesome Faith.doc
2026-05-12 18:14:21  DEBUG     OK: Affected by Grace.doc
2026-05-12 18:14:22  DEBUG     OK: AFTER THE MOUNTAIN COMES THE VALLEY.doc
2026-05-12 18:14:24  DEBUG     OK: AN INJURY AN INTERCESSION AN IMPUTATION.doc
2026-05-12 18:14:26  DEBUG     OK: Answering The Call.doc
2026-05-12 18:14:27  DEBUG     OK: BACK TO BETHEL.doc
2026-05-12 18:14:29  DEBUG     OK: Because He Lives.doc
2026-05-12 18:14:31  DEBUG     OK: Breaking Out Of A Rut.doc
2026-05-12 18:14:33  DEBUG     OK: CAN YOU STAND THE HEAT.doc
2026-05-12 18:14:35  DEBUG     OK: Cultivating A Christian Conscience.doc
2026-05-12 18:14:36  DEBUG     OK: DO YOU KNOW MY JESUS.doc
2026-05-12 18:14:38  DEBUG     OK: DOEST THOU WELL TO BE ANGRY.doc
2026-05-12 18:14:40  DEBUG     OK: FOR ME.doc
2026-05-12 18:14:41  DEBUG     OK: GAINING VICTORY TEMPTATION.doc
2026-05-12 18:14:43  DEBUG     OK: GAINING VICTORY.doc
2026-05-12 18:14:44  DEBUG     OK: God's Requirements For A Servant.doc
2026-05-12 18:14:46  DEBUG     OK: Gods Holy City.doc
2026-05-12 18:14:48  DEBUG     OK: GRACE FORGIVES.doc
2026-05-12 18:14:49  DEBUG     OK: Halloween-The Devil’s Favorite day.doc
2026-05-12 18:14:51  DEBUG     OK: HARVEST OF SHAME.doc
2026-05-12 18:14:53  DEBUG     OK: He Went A Little Farther!.doc
2026-05-12 18:14:55  DEBUG     OK: HELP WHEN ALL SEEMS HOPELESS.doc
2026-05-12 18:14:57  DEBUG     OK: HOLD THE ROPES.doc
2026-05-12 18:14:58  DEBUG     OK: Honoring Mom.doc
2026-05-12 18:15:00  DEBUG     OK: HOPE IN OUR AFFLICTION.doc
2026-05-12 18:15:02  DEBUG     OK: HOW DO YOU KNOW YOU ARE SAVED.doc
2026-05-12 18:15:04  DEBUG     OK: HOW LONG.doc
2026-05-12 18:15:05  DEBUG     OK: HOW TO GLORIFY GOD.doc
2026-05-12 18:15:07  DEBUG     OK: HOW TO KEEP FROM DRIFTING.doc
2026-05-12 18:15:09  DEBUG     OK: JESUS MY HERO.doc
2026-05-12 18:15:10  DEBUG     OK: Jesus Our Example in Soul-winning.doc
2026-05-12 18:15:12  DEBUG     OK: LAW-GRACE-FAITH.doc
2026-05-12 18:15:13  DEBUG     OK: Learning To Lean.doc
2026-05-12 18:15:15  DEBUG     OK: LEARNING TO LEANING.doc
2026-05-12 18:15:16  DEBUG     OK: Life As A Tale That Is Told.doc
2026-05-12 18:15:18  DEBUG     OK: LIVING AS A SLAVE.doc
2026-05-12 18:15:19  DEBUG     OK: LOVINGLY HE CAME.doc
2026-05-12 18:15:21  DEBUG     OK: MOLDED BY THE MASTER 1.doc
2026-05-12 18:15:23  DEBUG     OK: MOLDED BY THE MASTER 2.doc
2026-05-12 18:15:25  DEBUG     OK: MOLDED BY THE MASTER 3.doc
2026-05-12 18:15:26  DEBUG     OK: MOLDED BY THE MASTER 4.doc
2026-05-12 18:15:28  DEBUG     OK: MORE LIKE JESUS.doc
2026-05-12 18:15:30  DEBUG     OK: Motives That Move Us.doc
2026-05-12 18:15:31  DEBUG     OK: Our Almighty Shepherd.doc
2026-05-12 18:15:33  DEBUG     OK: REDEEMED BY THE BLOOD OF THE LAMB.doc
2026-05-12 18:15:35  DEBUG     OK: REPAIRING BROKEN ALTAR1.doc
2026-05-12 18:15:36  DEBUG     OK: REPAIRING BROKEN ALTARS.doc
2026-05-12 18:15:38  DEBUG     OK: SAFEGUARDS FOR THE SAINTS.doc
2026-05-12 18:15:39  DEBUG     OK: SALVATION PLAIN AND SIMPLE.doc
2026-05-12 18:15:41  DEBUG     OK: SATANS ATTACK.doc
2026-05-12 18:15:42  DEBUG     OK: SATANS FIERY DARTS.doc
2026-05-12 18:15:44  DEBUG     OK: SATANS NATURE.doc
2026-05-12 18:15:46  DEBUG     OK: SATANS TEMPTATIONS.doc
2026-05-12 18:15:48  DEBUG     OK: SAVIOR IDENTIFYING WITH OUR NEED.doc
2026-05-12 18:15:49  DEBUG     OK: Seeing Ourselves As God Sees Us.doc
2026-05-12 18:15:51  DEBUG     OK: Six Steps To Serving God Successfully.doc
2026-05-12 18:15:52  DEBUG     OK: SOMETHING TO GLORY IN.doc
2026-05-12 18:15:54  DEBUG     OK: Ten Lies About God #3-Exposing False Prophets (REVISED).doc
2026-05-12 18:15:56  DEBUG     OK: Ten Lies About God #4-Lies About How To Be Saved And Walk With God (revised).doc
2026-05-12 18:15:58  DEBUG     OK: Ten Lies About God #5-The Source of All Lies.doc
2026-05-12 18:16:00  DEBUG     OK: Ten Lies About God 3 Exposing False Prophets (REVISED).doc
2026-05-12 18:16:02  DEBUG     OK: Ten Lies About God 4 Lies About How To Be Saved And Walk With God (revised).doc
2026-05-12 18:16:04  DEBUG     OK: Ten Lies About God 5 The Source of All Lies.doc
2026-05-12 18:16:05  DEBUG     OK: Ten Lies About God-Lies About Wealth and Work (Revised).doc
2026-05-12 18:16:07  DEBUG     OK: Ten Lies About God-Lies About Who God Is And How To Approach (revised).doc
2026-05-12 18:16:08  DEBUG     OK: The Benefits Of Being Justified.doc
2026-05-12 18:16:10  DEBUG     OK: The Church Must Speak Out.doc
2026-05-12 18:16:12  DEBUG     OK: The Coming World Dictator.doc
2026-05-12 18:16:13  DEBUG     OK: THE CURE FOR THE DOWNCAST SOUL.doc
2026-05-12 18:16:15  DEBUG     OK: THE CURING OF A CURSE.doc
2026-05-12 18:16:16  DEBUG     OK: THE DISCIPLE'S FINAL EXAM.doc
2026-05-12 18:16:18  DEBUG     OK: THE FITNESS AND FOCUS OF A DISCIPLE.doc
2026-05-12 18:16:20  DEBUG     OK: THE FRUITS OF OBEDIENCE.doc
2026-05-12 18:16:21  DEBUG     OK: THE GROWTH FROM GRACE TO GLORY.doc
2026-05-12 18:16:23  DEBUG     OK: THE JOURNEY OF TRAGEDY AND TRIUMPH 2.doc
2026-05-12 18:16:25  DEBUG     OK: THE JOURNEY OF TRAGEDY AND TRIUMPH 3.doc
2026-05-12 18:16:26  DEBUG     OK: THE JOURNEY OF TRAGEDY AND TRIUMPH 4.doc
2026-05-12 18:16:28  DEBUG     OK: THE JOURNEY OF TRAGEDY AND TRIUMPH 5.doc
2026-05-12 18:16:29  DEBUG     OK: The Keys To Finding Hidden Treasure.doc
2026-05-12 18:16:31  DEBUG     OK: THE LORDS REQUIREMENTS.doc
2026-05-12 18:16:33  DEBUG     OK: THE MEASURE OF A MAN.doc
2026-05-12 18:16:34  DEBUG     OK: THE MESSAGE OF THE CROSS.doc
2026-05-12 18:16:36  DEBUG     OK: The Mighty God.doc
2026-05-12 18:16:37  DEBUG     OK: THE PATH OF DARKNESS OR THE PATH OF LIGHT.doc
2026-05-12 18:16:39  DEBUG     OK: The Perils Of These Times.doc
2026-05-12 18:16:41  DEBUG     OK: THE POTTER.doc
2026-05-12 18:16:42  DEBUG     OK: THE REASON GRACE IS UNBELIEVABLE.doc
2026-05-12 18:16:44  DEBUG     OK: The Relevance of the Resurrection.doc
2026-05-12 18:16:46  DEBUG     OK: The Secret Of Abiding Joy.doc
2026-05-12 18:16:47  DEBUG     OK: The Ship Was Broken.doc
2026-05-12 18:16:49  DEBUG     OK: The Sower The Seed The Soil.doc
2026-05-12 18:16:50  DEBUG     OK: THE TONGUE WILL TELL.doc
2026-05-12 18:16:52  DEBUG     OK: The Unchangeable Gospe1.doc
2026-05-12 18:16:53  DEBUG     OK: The Vision That Is Necessary For Us To Have Revival.doc
2026-05-12 18:16:55  DEBUG     OK: THE VOICE ABOVE ALL VOICES.doc
2026-05-12 18:16:57  DEBUG     OK: The Way Up Is Down.doc
2026-05-12 18:16:59  DEBUG     OK: THE WORD OF RECONCILIATION.doc
2026-05-12 18:17:00  DEBUG     OK: The Work of Repentance.doc
2026-05-12 18:17:02  DEBUG     OK: There Is No Difference.doc
2026-05-12 18:17:04  DEBUG     OK: TIME TO SETTLE UP.doc
2026-05-12 18:17:06  DEBUG     OK: TWO MEN WHO WENT TO CHURCH.doc
2026-05-12 18:17:07  DEBUG     OK: TWO MEN WHO WENT TO CHURCH2.doc
2026-05-12 18:17:09  DEBUG     OK: TWO SIDES OF THE SAME GOD.doc
2026-05-12 18:17:11  DEBUG     OK: What A Person Might Be.doc
2026-05-12 18:17:12  DEBUG     OK: WHAT CHRIST MEANS TO THIS WORLD.doc
2026-05-12 18:17:14  DEBUG     OK: WHAT DO YOU PLAN TO GIVE THE LORD FOR CHRISTMAS.doc
2026-05-12 18:17:16  DEBUG     OK: What Does It Mean to Seek The LORD.doc
2026-05-12 18:17:17  DEBUG     OK: WHAT HAPPENS WHEN OUR FAITH FAILS.doc
2026-05-12 18:17:19  DEBUG     OK: What Manner Of Spirit Are YOU.doc
2026-05-12 18:17:20  DEBUG     OK: What Will You Offer To The LORD.doc
2026-05-12 18:17:22  DEBUG     OK: WHEN GOD BREAKS THROUGH.doc
2026-05-12 18:17:24  DEBUG     OK: When God Makes Wrongs Right.doc
2026-05-12 18:17:26  DEBUG     OK: WHEN GOD WITHDRAWS HIS FACE.doc
2026-05-12 18:17:28  DEBUG     OK: WHEN ILL WINDS BEGIN TO BLOW.doc
2026-05-12 18:17:31  DEBUG     OK: WHEN THE KING TAKES OUT HIS LEDGER.doc
2026-05-12 18:17:33  DEBUG     OK: Why Christ Came.doc
2026-05-12 18:17:35  DEBUG     OK: Why Doesn't God Answer My Prayer.doc
2026-05-12 18:17:37  DEBUG     OK: Why We Fail The LORD.doc
2026-05-12 18:17:39  DEBUG     OK: Will We Die For Jesus.doc
2026-05-12 18:17:40  DEBUG     OK: Will You Deny Jesus.doc
2026-05-12 18:17:42  DEBUG     OK: Winning The War Within.doc
2026-05-12 18:17:44  DEBUG     OK: YOUR MINDSET DETERMINES YOUR MANNER OF LIFE.doc
2026-05-12 18:17:45  DEBUG     OK: Cautions Concerning Religion.doc
2026-05-12 18:17:47  DEBUG     OK: Celebrating Christmas.doc
2026-05-12 18:17:49  DEBUG     OK: Criticism.doc
2026-05-12 18:17:50  DEBUG     OK: DarkValleys.doc
2026-05-12 18:17:52  DEBUG     OK: David and Goliat1.doc
2026-05-12 18:17:54  DEBUG     OK: David and Goliath 5th Stone.doc
2026-05-12 18:17:55  DEBUG     OK: David and Goliath.doc
2026-05-12 18:17:57  DEBUG     OK: Do you seek you great things for yourself.doc
2026-05-12 18:17:59  DEBUG     OK: Does God Still Speak Through Dreams.doc
2026-05-12 18:18:01  DEBUG     OK: DOG DAYS OF SUMMER.doc
2026-05-12 18:18:03  DEBUG     OK: Excuses Part 2.doc
2026-05-12 18:18:04  DEBUG     OK: EZEKIEL 47.doc
2026-05-12 18:18:06  DEBUG     OK: FACTS ABOUT GOD'S FORGIVENESS.doc
2026-05-12 18:18:08  DEBUG     OK: Five Points for Man of God.doc
2026-05-12 18:18:09  DEBUG     OK: Foolish Faith.doc
2026-05-12 18:18:11  DEBUG     OK: 3 Homes Every Person Needs.doc
2026-05-12 18:18:12  DEBUG     OK: 7 Charges To The Church.doc
2026-05-12 18:18:14  DEBUG     OK: A Call to Prayer.doc
2026-05-12 18:18:16  DEBUG     OK: A Continuing People.doc
2026-05-12 18:18:17  DEBUG     OK: A FATAL MISTAKE.doc
2026-05-12 18:18:19  DEBUG     OK: A Father's Failure.doc
2026-05-12 18:18:20  DEBUG     OK: A Free People.doc
2026-05-12 18:18:22  DEBUG     OK: A Friend of God.doc
2026-05-12 18:18:24  DEBUG     OK: A Grave Human Problem.doc
2026-05-12 18:18:25  DEBUG     OK: A Great Faith.doc
2026-05-12 18:18:27  DEBUG     OK: A Group of Contrasts.doc
2026-05-12 18:18:28  DEBUG     OK: A LIMITED MESSAGE OR A LIMITED FELLOWSHIP.doc
2026-05-12 18:18:30  DEBUG     OK: A MOTHER OF EXAMPLE-whawley-PC.doc
2026-05-12 18:18:32  DEBUG     OK: A MOTHER OF EXAMPLE.doc
2026-05-12 18:18:33  DEBUG     OK: A NATION AFTER GOD.doc
2026-05-12 18:18:35  DEBUG     OK: A PICTURE OF SALVATION.doc
2026-05-12 18:18:37  DEBUG     OK: A Place called hell.doc
2026-05-12 18:18:38  DEBUG     OK: A Prison Without Bars.doc
2026-05-12 18:18:40  DEBUG     OK: A REFLECTION OF GOD.doc
2026-05-12 18:18:42  DEBUG     OK: A Sad Funeral Service.doc
2026-05-12 18:18:44  DEBUG     OK: A Sermon That Might Just Get You Killed.doc
2026-05-12 18:18:45  DEBUG     OK: A Still Small Voice.doc
2026-05-12 18:18:47  DEBUG     OK: Acceptable Service.doc
2026-05-12 18:18:48  DEBUG     OK: ACQUAINTANCE WITH GOD.doc
2026-05-12 18:18:50  DEBUG     OK: ADDRESSING THE NEEDS.doc
2026-05-12 18:18:52  DEBUG     OK: After This.doc
2026-05-12 18:18:53  DEBUG     OK: Against All Odds.doc
2026-05-12 18:18:55  DEBUG     OK: Almost But Lost.doc
2026-05-12 18:18:56  DEBUG     OK: Almost or Altogether.doc
2026-05-12 18:18:58  DEBUG     OK: Almost Thou Persuadest Me.doc
2026-05-12 18:18:59  DEBUG     OK: ANOTHER GOSPEL.doc
2026-05-12 18:19:01  DEBUG     OK: Another Night with Frogs.doc
2026-05-12 18:19:03  DEBUG     OK: Answering The Call.doc
2026-05-12 18:19:05  DEBUG     OK: APPROVED OF GOD 2.doc
2026-05-12 18:19:06  DEBUG     OK: Are We Doing All God Says.doc
2026-05-12 18:19:08  DEBUG     OK: Are Your Hands Full.doc
2026-05-12 18:19:10  DEBUG     OK: Armed With The Mind Of Christ.doc
2026-05-12 18:19:11  DEBUG     OK: As Low As Dirt1.doc
2026-05-12 18:19:13  DEBUG     OK: At The Cross.doc
2026-05-12 18:19:14  DEBUG     OK: At The Moment Of Salvation.doc
2026-05-12 18:19:16  DEBUG     OK: At The Name of Jesus.doc
2026-05-12 18:19:17  DEBUG     OK: Back to the Basics.doc
2026-05-12 18:19:19  DEBUG     OK: Baptists Are Biblicists.doc
2026-05-12 18:19:21  DEBUG     OK: Be On Your Guard.doc
2026-05-12 18:19:22  DEBUG     OK: Bearing Christians.doc
2026-05-12 18:19:24  DEBUG     OK: BECOMING A SPIRITUAL FATHER.doc
2026-05-12 18:19:26  DEBUG     OK: Bible Sounds.doc
2026-05-12 18:19:27  DEBUG     OK: BIG SINS vs Little Sins.doc
2026-05-12 18:19:29  DEBUG     OK: Bound Together By These Things.doc
2026-05-12 18:19:30  DEBUG     OK: Burger King Christianity.doc
2026-05-12 18:19:32  DEBUG     OK: But We See Jesus.doc
2026-05-12 18:19:34  DEBUG     OK: CAN A MAN WALK WITH GOD.doc
2026-05-12 18:19:35  DEBUG     OK: CANDLES OF SCRIPTURE.doc
2026-05-12 18:19:37  DEBUG     OK: CAST YOUR BREAD UPON THE WATERS.doc
2026-05-12 18:19:38  DEBUG     OK: Celebrating Christmas.doc
2026-05-12 18:19:40  DEBUG     OK: Christ’s Unsurpassed Ability.doc
2026-05-12 18:19:41  DEBUG     OK: Church Membership.doc
2026-05-12 18:19:43  DEBUG     OK: COMFORT IN THE MIDST OF STORM.doc
2026-05-12 18:19:44  DEBUG     OK: COMING HOME THE HARD WAY.doc
2026-05-12 18:19:46  DEBUG     OK: Committed To Holiness.doc
2026-05-12 18:19:48  DEBUG     OK: Consistency In The Christian Life.doc
2026-05-12 18:19:49  DEBUG     OK: Controversy of Christ2.DOC
2026-05-12 18:19:51  DEBUG     OK: Crucifiction Luke and John.doc
2026-05-12 18:19:52  DEBUG     OK: Crucifixion.doc
2026-05-12 18:19:54  DEBUG     OK: CULTIVATING A SPIRITUAL APPETITE.doc
2026-05-12 18:19:56  DEBUG     OK: Dangerous Times Are Here.doc
2026-05-12 18:19:58  DEBUG     OK: David's Last Song2.doc
2026-05-12 18:19:59  DEBUG     OK: Deacons.doc
2026-05-12 18:20:01  DEBUG     OK: Dead Man Walking.doc
2026-05-12 18:20:03  DEBUG     OK: DEADNESS IN OUR CHURCHES.doc
2026-05-12 18:20:04  DEBUG     OK: DEALING WITH PHARISEES.doc
2026-05-12 18:20:06  DEBUG     OK: Do You Believe.doc
2026-05-12 18:20:07  DEBUG     OK: Do You Have A Reservation Part 2.doc
2026-05-12 18:20:09  DEBUG     OK: Do You Have A Reservation.doc
2026-05-12 18:20:11  DEBUG     OK: Do You Have Fleas.doc
2026-05-12 18:20:12  DEBUG     OK: DON'T MEDDLE WITH GOD'S MAN.doc
2026-05-12 18:20:14  DEBUG     OK: Don't Wait Too Long.doc
2026-05-12 18:20:15  DEBUG     OK: Doubting Thomas.doc
2026-05-12 18:20:17  DEBUG     OK: Dying To Self.doc
2026-05-12 18:20:18  DEBUG     OK: Dying Unto Sin.doc
2026-05-12 18:20:20  DEBUG     OK: Easy Believism.doc
2026-05-12 18:20:22  DEBUG     OK: EBENEZER.doc
2026-05-12 18:20:23  DEBUG     OK: Eternal Life.doc
2026-05-12 18:20:25  DEBUG     OK: Evidences of Pure Religion.doc
2026-05-12 18:20:26  DEBUG     OK: FAINT NOT.doc
2026-05-12 18:20:28  DEBUG     OK: Five Crowns for Believers.doc
2026-05-12 18:20:30  DEBUG     OK: Five Important Ships.doc
2026-05-12 18:20:31  DEBUG     OK: Five Testimonies.doc
2026-05-12 18:20:33  DEBUG     OK: Forsake or Be Forsaken.doc
2026-05-12 18:20:35  DEBUG     OK: Four Aspects of Our Spiritual Walk.doc
2026-05-12 18:20:36  DEBUG     OK: Four Things Jesus Saw.doc
2026-05-12 18:20:38  DEBUG     OK: From A Blasphemer to A Believer.doc
2026-05-12 18:20:39  DEBUG     OK: From Maniac to Messenger.doc
2026-05-12 18:20:41  DEBUG     OK: Getting Back To The Basics.doc
2026-05-12 18:20:43  DEBUG     OK: Giving  Thanks To The Lord.doc
2026-05-12 18:20:44  DEBUG     OK: Giving Thanks Unto Our Lord.doc
2026-05-12 18:20:46  DEBUG     OK: Glad Tidings.doc
2026-05-12 18:20:47  DEBUG     OK: Go Home to Thy Friends.doc
2026-05-12 18:20:49  DEBUG     OK: GOD AT WORK.doc
2026-05-12 18:20:50  DEBUG     OK: God Give Us A Heart.doc
2026-05-12 18:20:52  DEBUG     OK: GOD GIVEN ABILITY.doc
2026-05-12 18:20:53  DEBUG     OK: GOD'S COMMAND TO FATHERS.doc
2026-05-12 18:20:55  DEBUG     OK: God's Courtroom.doc
2026-05-12 18:20:57  DEBUG     OK: God's House Forsaken.doc
2026-05-12 18:20:59  DEBUG     OK: God's Promise To The Church.doc
2026-05-12 18:21:00  DEBUG     OK: Gods Call to a Holy Life.doc
2026-05-12 18:21:02  DEBUG     OK: Gods Darling Lamb.doc
2026-05-12 18:21:04  DEBUG     OK: Gods Darling Lamb2.doc
2026-05-12 18:21:06  DEBUG     OK: GODs Unbelievable Love.doc
2026-05-12 18:21:07  DEBUG     OK: gold.doc
2026-05-12 18:21:09  DEBUG     OK: Grace Triumphant.doc
2026-05-12 18:21:11  DEBUG     OK: Have We Lost Our Vision.doc
2026-05-12 18:21:13  DEBUG     OK: Have Ye The Faith.doc
2026-05-12 18:21:15  DEBUG     OK: Have Ye The Faith2.doc
2026-05-12 18:21:16  DEBUG     OK: Having the Mind of A Pastor.doc
2026-05-12 18:21:18  DEBUG     OK: He Saw God.doc
2026-05-12 18:21:20  DEBUG     OK: Heart Burn.doc
2026-05-12 18:21:21  DEBUG     OK: Heaven.doc
2026-05-12 18:21:23  DEBUG     OK: Helpers Of Your Joy.doc
2026-05-12 18:21:26  DEBUG     OK: Hindsight Is Not Always 20-20.doc
2026-05-12 18:21:28  DEBUG     OK: His Grace and Mercy are Eternal.doc
2026-05-12 18:21:31  DEBUG     OK: HOME SWEET HOME.doc
2026-05-12 18:21:33  DEBUG     OK: Homesick For Home.doc
2026-05-12 18:21:35  DEBUG     OK: Hosanna.doc
2026-05-12 18:21:37  DEBUG     OK: How To Avoid A Spiritual Drought.doc
2026-05-12 18:21:39  DEBUG     OK: HOW TO FACE THE NEW YEAR.doc
2026-05-12 18:21:41  DEBUG     OK: HOW TO UNDERSTAND THE SCRIPTURES.doc
2026-05-12 18:21:43  DEBUG     OK: HOW WILL YOUR EPITAPH READ.doc
2026-05-12 18:21:44  DEBUG     OK: I Am Not Ashamed of the Gospel.doc
2026-05-12 18:21:46  DEBUG     OK: I AM THE LORD2.doc
2026-05-12 18:21:47  DEBUG     OK: I Being in the Way.doc
2026-05-12 18:21:49  DEBUG     OK: Identifying The Church.doc
2026-05-12 18:21:50  DEBUG     OK: If Christ Had Not Been Born.doc
2026-05-12 18:21:52  DEBUG     OK: In Jesus Name.doc
2026-05-12 18:21:53  DEBUG     OK: In the Wilderness.doc
2026-05-12 18:21:55  DEBUG     OK: IS THERE A HELL.doc
2026-05-12 18:21:58  DEBUG     OK: It Is Time To Build The LORD.doc
2026-05-12 18:22:00  DEBUG     OK: IT PAYS TO SERVE THE LORD.doc
2026-05-12 18:22:03  DEBUG     OK: Jephthah the Unwanted.doc
2026-05-12 18:22:05  DEBUG     OK: JESUS CANNOT BE HID.doc
2026-05-12 18:22:06  DEBUG     OK: Jesus Cares For You.doc
2026-05-12 18:22:08  DEBUG     OK: Jesus Comes to Church.doc
2026-05-12 18:22:09  DEBUG     OK: JESUS NOT IN THE TOMB.doc
2026-05-12 18:22:11  DEBUG     OK: Just Like Mom.doc
2026-05-12 18:22:12  DEBUG     OK: JUST WHO ARE WE ANYWAY.doc
2026-05-12 18:22:14  DEBUG     OK: JUSTIFIED FREELY.doc
2026-05-12 18:22:16  DEBUG     OK: KEEP ON KEEPING ON.doc
2026-05-12 18:22:17  DEBUG     OK: Knowing The Unknowable.doc
2026-05-12 18:22:19  DEBUG     OK: LIFE ON DEATH ROW.doc
2026-05-12 18:22:20  DEBUG     OK: Lilly of the Valley.DOC
2026-05-12 18:22:22  DEBUG     OK: Lily of the Valleys.DOC
2026-05-12 18:22:23  DEBUG     OK: Limiting God.doc
2026-05-12 18:22:25  DEBUG     OK: Listening For The Shout.doc
2026-05-12 18:22:26  DEBUG     OK: Living Up To Our Potential.doc
2026-05-12 18:22:28  DEBUG     OK: Living Within The Realm Of God's Grace.doc
2026-05-12 18:22:30  DEBUG     OK: LORD ITS GOOD TO BE HERE.doc
2026-05-12 18:22:31  DEBUG     OK: Lord Thou Knowest That I Love Thee.doc
2026-05-12 18:22:33  DEBUG     OK: MAKING WISE DECISIONS.doc
2026-05-12 18:22:35  DEBUG     OK: MISCONCEPTIONS ABOUT DEACONS.doc
2026-05-12 18:22:36  DEBUG     OK: New Things For A New Year.doc
2026-05-12 18:22:37  DEBUG     OK: No Excuses.doc
2026-05-12 18:22:39  DEBUG     OK: No Turning Back.doc
2026-05-12 18:22:40  DEBUG     OK: NOT EVERYONE GETS TO GO TO HEAVEN.doc
2026-05-12 18:22:42  DEBUG     OK: Now is the Time.doc
2026-05-12 18:22:43  DEBUG     OK: OBEDEDOM2.doc
2026-05-12 18:22:45  DEBUG     OK: Occupying Till Christ Comes.doc
2026-05-12 18:22:46  DEBUG     OK: Old Fashion Day.doc
2026-05-12 18:22:48  DEBUG     OK: On My Father's Side.doc
2026-05-12 18:22:49  DEBUG     OK: On The Greatest Mission With The Greatest Message To.doc
2026-05-12 18:22:51  DEBUG     OK: On The Mountain Top With Jesus.doc
2026-05-12 18:22:52  DEBUG     OK: Onward Christian Soldiers.doc
2026-05-12 18:22:54  DEBUG     OK: Open Things In The Bible.doc
2026-05-12 18:22:56  DEBUG     OK: Open Things In The Bible2.doc
2026-05-12 18:22:57  DEBUG     OK: Our Forefathers.doc
2026-05-12 18:22:59  DEBUG     OK: Our Memory Vs God's Memory.doc
2026-05-12 18:23:00  DEBUG     OK: OUR RISEN LORD.doc
2026-05-12 18:23:02  DEBUG     OK: Out Of The Pit.doc
2026-05-12 18:23:04  DEBUG     OK: Preaching & More Preaching.doc
2026-05-12 18:23:05  DEBUG     OK: Preaching of the Cross.doc
2026-05-12 18:23:07  DEBUG     OK: Precious Blood.doc
2026-05-12 18:23:08  DEBUG     OK: PRECIOUS WORDS TO A PRECIOUS PEOPLE.doc
2026-05-12 18:23:10  DEBUG     OK: Preparing to Meet God.doc
2026-05-12 18:23:11  DEBUG     OK: PROBLEMS WITH WORRY.doc
2026-05-12 18:23:12  DEBUG     OK: PROFESSIONS WITHOUT POSSESSIONS.doc
2026-05-12 18:23:14  DEBUG     OK: Psalm 143.doc
2026-05-12 18:23:15  DEBUG     OK: Rainbow.doc
2026-05-12 18:23:17  DEBUG     OK: Redeemed Forevermore.doc
2026-05-12 18:23:18  DEBUG     OK: Redemption.doc
2026-05-12 18:23:20  DEBUG     OK: REFINING SILVER.doc
2026-05-12 18:23:21  DEBUG     OK: Rejoicing Along Life.doc
2026-05-12 18:23:22  DEBUG     OK: RELIGION.doc
2026-05-12 18:23:24  DEBUG     OK: Remember Lots Wife.doc
2026-05-12 18:23:25  DEBUG     OK: Repentance Only Real Change2.doc
2026-05-12 18:23:27  DEBUG     OK: Repentance.doc
2026-05-12 18:23:29  DEBUG     OK: Responding To Life.doc
2026-05-12 18:23:30  DEBUG     OK: Restoring The Fallen.doc
2026-05-12 18:23:32  DEBUG     OK: RIVERS OR MARSHES.doc
2026-05-12 18:23:34  DEBUG     OK: ROCK FOR A PILLOW.doc
2026-05-12 18:23:36  DEBUG     OK: RUN FOR YOUR LIFE.doc
2026-05-12 18:23:37  DEBUG     OK: SATAN WANTS YOU.doc
2026-05-12 18:23:39  DEBUG     OK: SEARCH THE SCRIPTURES.doc
2026-05-12 18:23:40  DEBUG     OK: Secrets of.doc
2026-05-12 18:23:41  DEBUG     OK: Separate.doc
2026-05-12 18:23:44  DEBUG     OK: Seven Characteristics Of God' People.doc
2026-05-12 18:23:48  DEBUG     OK: Seven Qualities That Make A Believer More Like Chris1.doc
2026-05-12 18:23:50  DEBUG     OK: Seven Things Israel Learned About God That All Believers Need To Learn.doc
2026-05-12 18:23:52  DEBUG     OK: SevenFold Rejection of Christ.doc
2026-05-12 18:23:55  DEBUG     OK: She's My Mother.doc
2026-05-12 18:23:58  DEBUG     OK: Shining Like The Son In A Sin.doc
2026-05-12 18:24:02  DEBUG     OK: SHOW ME THE CROSS.doc
2026-05-12 18:24:05  DEBUG     OK: Show Me Thy Glory.doc
2026-05-12 18:24:08  DEBUG     OK: Shunammite.doc
2026-05-12 18:24:10  DEBUG     OK: Shut Up Or Speak Up.doc
2026-05-12 18:24:13  DEBUG     OK: SIN KILLS.doc
2026-05-12 18:24:16  DEBUG     OK: Since Jesus Has Come.doc
2026-05-12 18:24:18  DEBUG     OK: Sitting Down They Watched Him There.doc
2026-05-12 18:24:21  DEBUG     OK: SPIRITUAL BANKRUPTCY.doc
2026-05-12 18:24:23  DEBUG     OK: STAYING IN THE PEA PATCH.doc
2026-05-12 18:24:24  DEBUG     OK: STILL GRACE.doc
2026-05-12 18:24:26  DEBUG     OK: Stop and Think.doc
2026-05-12 18:24:28  DEBUG     OK: Striving Together.doc
2026-05-12 18:24:29  DEBUG     OK: STUMBLING OVER THE TRUTH.doc
2026-05-12 18:24:31  DEBUG     OK: SUBDUING MOAB.doc
2026-05-12 18:24:32  DEBUG     OK: SUPERFICIAL FAITH OR SAVING FAITH.doc
2026-05-12 18:24:34  DEBUG     OK: SYMBOLISM OF THE ROCK.doc
2026-05-12 18:24:36  DEBUG     OK: Tale of Two Fathers.doc
2026-05-12 18:24:37  DEBUG     OK: Telling The Time.doc
2026-05-12 18:24:39  DEBUG     OK: Tent Meeting.doc
2026-05-12 18:24:41  DEBUG     OK: Thank You God, For Your Grace.doc
2026-05-12 18:24:42  DEBUG     OK: THANKSGIVING.doc
2026-05-12 18:24:44  DEBUG     OK: That Night In The Shepherd.doc
2026-05-12 18:24:45  DEBUG     OK: THE APPEARING OF THE LORD.doc
2026-05-12 18:24:47  DEBUG     OK: THE BACKSLIDER.doc
2026-05-12 18:24:49  DEBUG     OK: THE BLOOD.doc
2026-05-12 18:24:51  DEBUG     OK: The Bridegroom Is Coming.doc
2026-05-12 18:24:52  DEBUG     OK: The Christ Who Came.doc
2026-05-12 18:24:54  DEBUG     OK: THE CHRISTIAN’S FOUR FREEDOMS.doc
2026-05-12 18:24:56  DEBUG     OK: The Church Must Speak Out.doc
2026-05-12 18:24:58  DEBUG     OK: The Circle Will Be Broken.doc
2026-05-12 18:25:00  DEBUG     OK: The Cleansing Touch Of Jesus.doc
2026-05-12 18:25:01  DEBUG     OK: The Compassionate Savior.doc
2026-05-12 18:25:03  DEBUG     OK: The Crucifixion of Jesus.doc
2026-05-12 18:25:05  DEBUG     OK: The Deeds of a Godly Mother.doc
2026-05-12 18:25:08  DEBUG     OK: The Donkey.doc
2026-05-12 18:25:10  DEBUG     OK: THE ELUSIVE MEANING OF LIFE.doc
2026-05-12 18:25:12  DEBUG     OK: The First but not the Last.doc
2026-05-12 18:25:14  DEBUG     OK: The Five Ps of Fatherhood.doc
2026-05-12 18:25:15  DEBUG     OK: The Forgiveness We Enjoy.doc
2026-05-12 18:25:17  DEBUG     OK: THE GREAT I AM.doc
2026-05-12 18:25:18  DEBUG     OK: THE HARVEST IS PAST.doc
2026-05-12 18:25:20  DEBUG     OK: The Harvest Is Ripe.doc
2026-05-12 18:25:21  DEBUG     OK: THE HEDGE.doc
2026-05-12 18:25:22  DEBUG     OK: THE HOPE OF THE SOUL.doc
2026-05-12 18:25:24  DEBUG     OK: The Importance Of Soul Winning In The Local Church.doc
2026-05-12 18:25:26  DEBUG     OK: THE KILLING SIN.doc
2026-05-12 18:25:27  DEBUG     OK: The Land Where People Never Go Free.doc
2026-05-12 18:25:28  DEBUG     OK: The Last Days.doc
2026-05-12 18:25:30  DEBUG     OK: The Last Words of Few Great Men.doc
2026-05-12 18:25:31  DEBUG     OK: The Life of The Flesh is in the Blood.doc
2026-05-12 18:25:33  DEBUG     OK: The Lifeboat Is On It.doc
2026-05-12 18:25:35  DEBUG     OK: The Lighthouse.doc
2026-05-12 18:25:36  DEBUG     OK: The Lord's Table.doc
2026-05-12 18:25:38  DEBUG     OK: THE LOVE GOD.doc
2026-05-12 18:25:39  DEBUG     OK: The Man Christ Jesus.doc
2026-05-12 18:25:40  DEBUG     OK: The Man of God and Biblical Preaching.doc
2026-05-12 18:25:42  DEBUG     OK: The Marriage Feast at Cana.doc
2026-05-12 18:25:43  DEBUG     OK: THE MESSAGE OF THE ANGEL.doc
2026-05-12 18:25:45  DEBUG     OK: The Midnight Will Come.doc
2026-05-12 18:25:46  DEBUG     OK: The Mission Of The Master.doc
2026-05-12 18:25:48  DEBUG     OK: The Mystery Of Iniquity.doc
2026-05-12 18:25:49  DEBUG     OK: THE NATURE OF SIN.doc
2026-05-12 18:25:50  DEBUG     OK: The New Birth.doc
2026-05-12 18:25:52  DEBUG     OK: The Offended Heart.doc
2026-05-12 18:25:53  DEBUG     OK: THE OFFENSE OF THE CROSS.doc
2026-05-12 18:25:55  DEBUG     OK: THE OLD AND THE NEW CROSS.doc
2026-05-12 18:25:57  DEBUG     OK: THE OLD RUGGED CROSS.doc
2026-05-12 18:25:58  DEBUG     OK: THE PATHWAY TO REVIVAL.doc
2026-05-12 18:26:00  DEBUG     OK: The Pleading Saviour.doc
2026-05-12 18:26:01  DEBUG     OK: The Power of God.doc
2026-05-12 18:26:03  DEBUG     OK: The Proofs Of The Resurrection.doc
2026-05-12 18:26:05  DEBUG     OK: The Purpose Of Life.doc
2026-05-12 18:26:06  DEBUG     OK: The Reality Of Sin.doc
2026-05-12 18:26:08  DEBUG     OK: The Reliable Resurrection.doc
2026-05-12 18:26:09  DEBUG     OK: The Rending Of The Vail.doc
2026-05-12 18:26:11  DEBUG     OK: THE RESURRECTION.doc
2026-05-12 18:26:12  DEBUG     OK: THE ROAD TO WISDOM.doc
2026-05-12 18:26:14  DEBUG     OK: The School Of Life.doc
2026-05-12 18:26:15  DEBUG     OK: The Second Coming.doc
2026-05-12 18:26:16  DEBUG     OK: THE SEEKING LORD.doc
2026-05-12 18:26:18  DEBUG     OK: The Shunammite Woman.doc
2026-05-12 18:26:19  DEBUG     OK: The Stone Ezel.doc
2026-05-12 18:26:21  DEBUG     OK: The Strength of the Church.doc
2026-05-12 18:26:22  DEBUG     OK: The Three Greatest Events in History.doc
2026-05-12 18:26:24  DEBUG     OK: The Three R.doc
2026-05-12 18:26:25  DEBUG     OK: The Tree In the Midst.doc
2026-05-12 18:26:27  DEBUG     OK: The Triumphs Of Faith.doc
2026-05-12 18:26:28  DEBUG     OK: THE TRUTH ABOUT SALVATION.doc
2026-05-12 18:26:30  DEBUG     OK: The Unchangeable One.doc
2026-05-12 18:26:32  DEBUG     OK: The Unspeakable Gift.doc
2026-05-12 18:26:34  DEBUG     OK: The Vine and The Branches.doc
2026-05-12 18:26:36  DEBUG     OK: THE VOICE OF FORGIVENES.doc
2026-05-12 18:26:37  DEBUG     OK: THE WAY OF CAIN.doc
2026-05-12 18:26:39  DEBUG     OK: The Withered Hand.doc
2026-05-12 18:26:40  DEBUG     OK: THE WONDER OF CHRISTMAS.doc
2026-05-12 18:26:41  DEBUG     OK: There is Hope.doc
2026-05-12 18:26:43  DEBUG     OK: They Saw His Star.doc
2026-05-12 18:26:44  DEBUG     OK: THINGS GOD WANTS US TO KNOW.doc
2026-05-12 18:26:46  DEBUG     OK: Things That Are Coming.doc
2026-05-12 18:26:47  DEBUG     OK: Things That Are Right With The Church.doc
2026-05-12 18:26:49  DEBUG     OK: THINGS THAT DO NOT DIE WITH DEATH.doc
2026-05-12 18:26:50  DEBUG     OK: THIS IS A MEMORIAL FOR YOU.doc
2026-05-12 18:26:51  DEBUG     OK: This is a Time.doc
2026-05-12 18:26:53  DEBUG     OK: This Man.doc
2026-05-12 18:26:54  DEBUG     OK: Three Men on Three Crosses.doc
2026-05-12 18:26:56  DEBUG     OK: THREE THINGS THAT MAKE AN OUSTANDING MOTHER.doc
2026-05-12 18:26:57  DEBUG     OK: TOMBS & STONES.doc
2026-05-12 18:26:58  DEBUG     OK: Too Close to the Heart.doc
2026-05-12 18:27:00  DEBUG     OK: Too Late.doc
2026-05-12 18:27:01  DEBUG     OK: UNCONCERN.doc
2026-05-12 18:27:03  DEBUG     OK: Unstoppable.doc
2026-05-12 18:27:05  DEBUG     OK: Walking With God.doc
2026-05-12 18:27:06  DEBUG     OK: Warnings to the Wise.doc
2026-05-12 18:27:08  DEBUG     OK: Watch Out For A Stir.doc
2026-05-12 18:27:09  DEBUG     OK: We Are Baptist Part 1.doc
2026-05-12 18:27:11  DEBUG     OK: We Are Baptist Part 2.doc
2026-05-12 18:27:13  DEBUG     OK: What About Hell.doc
2026-05-12 18:27:14  DEBUG     OK: What About The Future.doc
2026-05-12 18:27:16  DEBUG     OK: What Do People Say About You.doc
2026-05-12 18:27:17  DEBUG     OK: What Does It Mean to be Lost.doc
2026-05-12 18:27:19  DEBUG     OK: WHAT FAITH CAN SEE.doc
2026-05-12 18:27:20  DEBUG     OK: What Foundation Are You Building On.doc
2026-05-12 18:27:22  DEBUG     OK: WHAT HAS HAPPENED TO THE FIRE.doc
2026-05-12 18:27:23  DEBUG     OK: What Held Jesus To The Cross.doc
2026-05-12 18:27:25  DEBUG     OK: What If It All Was In Vain.doc
2026-05-12 18:27:26  DEBUG     OK: What Is Death.doc
2026-05-12 18:27:28  DEBUG     OK: WHAT JARIUS DAUGHTER SAW.doc
2026-05-12 18:27:29  DEBUG     OK: WHAT KIND OF MAN ARE YOU.doc
2026-05-12 18:27:31  DEBUG     OK: What Men Thinketh.doc
2026-05-12 18:27:32  DEBUG     OK: What Men Thinketh2.doc
2026-05-12 18:27:34  DEBUG     OK: What The Church Needs Right Now.doc
2026-05-12 18:27:36  DEBUG     OK: WHAT THE MAN IN HELL NEVER ASKED FOR.doc
2026-05-12 18:27:37  DEBUG     OK: WHAT THIS GENERATION NEEDS.doc
2026-05-12 18:27:39  DEBUG     OK: What Will You Do With Jesus.DOC
2026-05-12 18:27:40  DEBUG     OK: What Will YOU Give Unto The Lord.doc
2026-05-12 18:27:42  DEBUG     OK: What Will You Offer To The LORD.doc
2026-05-12 18:27:43  DEBUG     OK: Whats Right With America.doc
2026-05-12 18:27:45  DEBUG     OK: WHEN I SURVEY THE WONDEROUS CROSS.doc
2026-05-12 18:27:46  DEBUG     OK: When Jesus is in the House.doc
2026-05-12 18:27:47  DEBUG     OK: When No One Cares.doc
2026-05-12 18:27:49  DEBUG     OK: When the Good News makes us Feel Bad.doc
2026-05-12 18:27:50  DEBUG     OK: When The King Comes Back.doc
2026-05-12 18:27:52  DEBUG     OK: When The Service Is Over.doc
2026-05-12 18:27:53  DEBUG     OK: When Tradition is Wrong.doc
2026-05-12 18:27:55  DEBUG     OK: WHEN UZZIAH IS OUT OF THE PICTURE.doc
2026-05-12 18:27:56  DEBUG     OK: When You Believe The Wrong Things.doc
2026-05-12 18:27:58  DEBUG     OK: When You Have Crossed Jordan.doc
2026-05-12 18:27:59  DEBUG     OK: Where Art Thou.doc
2026-05-12 18:28:01  DEBUG     OK: WHERE HAVE THEY LAID HIM.doc
2026-05-12 18:28:03  DEBUG     OK: Where I Want to Be.DOC
2026-05-12 18:28:04  DEBUG     OK: Where Is Your God.doc
2026-05-12 18:28:06  DEBUG     OK: Where Is Your Hope.doc
2026-05-12 18:28:07  DEBUG     OK: Who Jesus Is.doc
2026-05-12 18:28:08  DEBUG     OK: Whom Say Ye Say That I Am.doc
2026-05-12 18:28:10  DEBUG     OK: WHOSE SON IS THIS.doc
2026-05-12 18:28:11  DEBUG     OK: WHY DO WE NEED GOD'S WORD.doc
2026-05-12 18:28:13  DEBUG     OK: Why Does Franklin Baptist Church Exist.doc
2026-05-12 18:28:14  DEBUG     OK: Why I Preach The Resurrection of Christ.doc
2026-05-12 18:28:16  DEBUG     OK: Why Jesus Chose Judas.doc
2026-05-12 18:28:17  DEBUG     OK: Why Preach The Word of God.doc
2026-05-12 18:28:19  DEBUG     OK: WILL YOU BE FOUND WATCHING.doc
2026-05-12 18:28:20  DEBUG     OK: Will You Deny Jesus.doc
2026-05-12 18:28:22  DEBUG     OK: Winning Your Lost Loved Ones.doc
2026-05-12 18:28:23  DEBUG     OK: WISDOM.doc
2026-05-12 18:28:25  DEBUG     OK: Worship In Response.doc
2026-05-12 18:28:26  DEBUG     OK: WORSHIP IN THE WORD.doc
2026-05-12 18:28:28  DEBUG     OK: Worship The LORD.doc
2026-05-12 18:28:29  DEBUG     OK: You Don't Want To Hear This.doc
2026-05-12 18:28:31  DEBUG     OK: YOU GOT WHAT YOU WANTED.doc
2026-05-12 18:28:33  DEBUG     OK: You Had Better Get Ready.doc
2026-05-12 18:28:35  DEBUG     OK: Fulfilling Gods Plan.doc
2026-05-12 18:28:36  DEBUG     OK: Get Your Umbrella.doc
2026-05-12 18:28:38  DEBUG     OK: Getting Back To The Basics.doc
2026-05-12 18:28:39  DEBUG     OK: Getting God's Promises in Action.doc
2026-05-12 18:28:41  DEBUG     OK: God In A Body.doc
2026-05-12 18:28:43  DEBUG     OK: GOD'S COMMAND TO FATHERS.doc
2026-05-12 18:28:44  DEBUG     OK: Gods Castaways.doc
2026-05-12 18:28:46  DEBUG     OK: Gods Darling Lamb.doc
2026-05-12 18:28:47  DEBUG     OK: GODs Unbelievable Love.doc
2026-05-12 18:28:49  DEBUG     OK: Grace Why do We Need It.doc
2026-05-12 18:28:50  DEBUG     OK: Has America Gone Too Far.doc
2026-05-12 18:28:52  DEBUG     OK: He Went A Little Farthe1.doc
2026-05-12 18:28:53  DEBUG     OK: He Went A Little Farther.doc
2026-05-12 18:28:55  DEBUG     OK: He's Coming Are You Ready.doc
2026-05-12 18:28:56  DEBUG     OK: HEAVEN.doc
2026-05-12 18:28:58  DEBUG     OK: Heaven’s Mandate to Win the Lost.doc
2026-05-12 18:28:59  DEBUG     OK: Heavy Shoes.doc
2026-05-12 18:29:01  DEBUG     OK: Holy Spirit Fill Us.doc
2026-05-12 18:29:03  DEBUG     OK: HOMESICK.doc
2026-05-12 18:29:05  DEBUG     OK: How To Keep Your Sanity In A Crazy World.doc
2026-05-12 18:29:06  DEBUG     OK: How to Solve the Sin Problem.doc
2026-05-12 18:29:08  DEBUG     OK: A Survey of EZRA.doc
2026-05-12 18:29:09  DEBUG     OK: Fellowship with the Risen Lord.doc
2026-05-12 18:29:11  DEBUG     OK: Names of Christ_The Amen.doc
2026-05-12 18:29:13  DEBUG     OK: Offended Brethren.doc
2026-05-12 18:29:15  DEBUG     OK: Husbands & Fathers.doc
2026-05-12 18:29:16  DEBUG     OK: If Christ Had Not Been Born.doc
2026-05-12 18:29:18  DEBUG     OK: IF FOOTMEN TIRE.doc
2026-05-12 18:29:20  DEBUG     OK: IF I SAT WHERE THEY SIT.doc
2026-05-12 18:29:21  DEBUG     OK: Im in Heaven Now What.doc
2026-05-12 18:29:23  DEBUG     OK: Is There Any Hope For America.doc
2026-05-12 18:29:24  DEBUG     OK: JESUS NOT IN THE TOMB.doc
2026-05-12 18:29:26  DEBUG     OK: JOB.DOC
2026-05-12 18:29:28  DEBUG     OK: 1-1-1-Saints.doc
2026-05-12 18:29:29  DEBUG     OK: 1-1Behold The Man.doc
2026-05-12 18:29:30  DEBUG     OK: 1-20-33 -When God Laughs.doc
2026-05-12 18:29:33  DEBUG     OK: 1-The Realization Of Revival.doc
2026-05-12 18:29:35  DEBUG     OK: 10-2-1-4-Edification2.doc
2026-05-12 18:29:37  DEBUG     OK: 10-The Power And Majesty Of His Voice.doc
2026-05-12 18:29:38  DEBUG     OK: 11-28-29- I Will Give You Rest.doc
2026-05-12 18:29:40  DEBUG     OK: 11-Arise, My Love, My Fair One, And Come Away.doc
2026-05-12 18:29:41  DEBUG     OK: 13-10-15-The Altar Of Worship.doc
2026-05-12 18:29:43  DEBUG     OK: 133-The Blessings Of Unity.doc
2026-05-12 18:29:45  DEBUG     OK: 14-1-15-Caleb.doc
2026-05-12 18:29:46  DEBUG     OK: 15-11-32-Prodigal Son's Father.doc
2026-05-12 18:29:47  DEBUG     OK: 2-The Christian Walk.doc
2026-05-12 18:29:49  DEBUG     OK: 2-The Crucifixion.doc
2026-05-12 18:29:50  DEBUG     OK: 2007-An Odious Woman When She Is Married.doc
2026-05-12 18:29:52  DEBUG     OK: 2007-Beyond The Resurrection.doc
2026-05-12 18:29:54  DEBUG     OK: 2007-Easter.doc
2026-05-12 18:29:57  DEBUG     OK: 2009-Four Resurrections.doc
2026-05-12 18:29:59  DEBUG     OK: 2009-War No More.doc
2026-05-12 18:30:01  DEBUG     OK: 2009-Worship.doc
2026-05-12 18:30:03  DEBUG     OK: 2010-The Woman that Fears God.doc
2026-05-12 18:30:05  DEBUG     OK: 2010.doc
2026-05-12 18:30:07  DEBUG     OK: 27-1-6-HOUSE OF THE LORD.doc
2026-05-12 18:30:09  DEBUG     OK: 3-1-20-Our Blessed Hope.doc
2026-05-12 18:30:10  DEBUG     OK: 3-1-6-The Immutability Of The Lord.doc
2026-05-12 18:30:11  DEBUG     OK: 3-14-22-The Effects Of Laodicea 2.doc
2026-05-12 18:30:13  DEBUG     OK: 3-14-22-The Effects Of Laodicea.doc
2026-05-12 18:30:14  DEBUG     OK: 3-What Jesus Means To Me.doc
2026-05-12 18:30:16  DEBUG     OK: 4-13-15-What Is Your Life.doc
2026-05-12 18:30:17  DEBUG     OK: 4-7-18-Gods Deliverance.doc
2026-05-12 18:30:18  DEBUG     OK: 45-20-25-Salvation.doc
2026-05-12 18:30:20  DEBUG     OK: 49-11-17-34-The Lord's Supper.doc
2026-05-12 18:30:21  DEBUG     OK: 6-The Pastor And His Ministry.doc
2026-05-12 18:30:23  DEBUG     OK: 68-13-11-14-Farewell.doc
2026-05-12 18:30:24  DEBUG     OK: JOY IN EVANGELISM.doc
2026-05-12 18:30:26  DEBUG     OK: JUST LIKE MARTHA.doc
2026-05-12 18:30:27  DEBUG     OK: Kisses of Calvary.doc
2026-05-12 18:30:28  DEBUG     OK: LESSONS FROM THE CHICKEN PEN.doc
2026-05-12 18:30:30  DEBUG     OK: LESSONS LEARNED FROM THE POTTER.doc
2026-05-12 18:30:31  DEBUG     OK: Let God Be magnified.doc
2026-05-12 18:30:33  DEBUG     OK: Level Ground.doc
2026-05-12 18:30:35  DEBUG     OK: LIKE A GOOD NEIGHBOR.doc
2026-05-12 18:30:36  DEBUG     OK: Limiting God.doc
2026-05-12 18:30:38  DEBUG     OK: Listening For The Shout.doc
2026-05-12 18:30:39  DEBUG     OK: Look What's Waiting For Me.doc
2026-05-12 18:30:40  DEBUG     OK: Lost Joy.doc
2026-05-12 18:30:42  DEBUG     OK: MAD COW RELIGION.doc
2026-05-12 18:30:43  DEBUG     OK: MISSED OPPORTUNITIES.doc
2026-05-12 18:30:45  DEBUG     OK: Mk 8.1-26-Men as Trees.doc
2026-05-12 18:30:46  DEBUG     OK: MOLDED BY THE MASTER.doc
2026-05-12 18:30:48  DEBUG     OK: Names of Christ.doc
2026-05-12 18:30:49  DEBUG     OK: Nehemiah 6.doc
2026-05-12 18:30:51  DEBUG     OK: NOT EVERYONE GETS TO GO TO HEAVEN.doc
2026-05-12 18:30:52  DEBUG     OK: Ordination Rick Wilson.doc
2026-05-12 18:30:54  DEBUG     OK: Our Infinite God.doc
2026-05-12 18:30:55  DEBUG     OK: Our Labor of Love.doc
2026-05-12 18:30:57  DEBUG     OK: Playing Church Part 1.doc
2026-05-12 18:30:58  DEBUG     OK: PLAYING CHURCH PART 2.doc
2026-05-12 18:31:00  DEBUG     OK: Psalm 105 - Gratitude.doc
2026-05-12 18:31:01  DEBUG     OK: PSALM 5.doc
2026-05-12 18:31:03  DEBUG     OK: Psalm16.doc
2026-05-12 18:31:04  DEBUG     OK: REACTIONS TO THE RESURRECTION.doc
2026-05-12 18:31:06  DEBUG     OK: Redeemed Forevermore.doc
2026-05-12 18:31:07  DEBUG     OK: Remembering What Jesus Said.doc
2026-05-12 18:31:09  DEBUG     OK: Repentance.doc
2026-05-12 18:31:10  DEBUG     OK: Salt and Light.doc
2026-05-12 18:31:12  DEBUG     OK: Saving Faith.doc
2026-05-12 18:31:14  DEBUG     OK: Seeing Ourselves As God Sees Us.doc
2026-05-12 18:31:16  DEBUG     OK: Sermon Note1.doc
2026-05-12 18:31:17  DEBUG     OK: Sermon Note2.doc
2026-05-12 18:31:19  DEBUG     OK: Sermon Note3.doc
2026-05-12 18:31:20  DEBUG     OK: Sermon Notes.doc
2026-05-12 18:31:22  DEBUG     OK: Sermon-All Over But the Crying-2010.doc
2026-05-12 18:31:23  DEBUG     OK: Simple Salvation.doc
2026-05-12 18:31:25  DEBUG     OK: Song for Christmas.doc
2026-05-12 18:31:26  DEBUG     OK: Standing Somewhere In The Shadows.doc
2026-05-12 18:31:28  DEBUG     OK: THANKSGIVING.doc
2026-05-12 18:31:30  DEBUG     OK: That Night In The Shepherd.doc
2026-05-12 18:31:32  DEBUG     OK: THE BLOOD.doc
2026-05-12 18:31:34  DEBUG     OK: The Case For The Traditional Lord's Supper.doc
2026-05-12 18:31:36  DEBUG     OK: The Credibility of Jesus Resurrection.doc
2026-05-12 18:31:37  DEBUG     OK: The Devil's Brew.doc
2026-05-12 18:31:39  DEBUG     OK: The God Of Peace.doc
2026-05-12 18:31:40  DEBUG     OK: The Importance of Personal Soul Winning.doc
2026-05-12 18:31:42  DEBUG     OK: THE INCARNATION.doc
2026-05-12 18:31:43  DEBUG     OK: The Lamb and The Cross.doc
2026-05-12 18:31:45  DEBUG     OK: The Likenesses of a Mother.doc
2026-05-12 18:31:47  DEBUG     OK: THE MESSAGE OF GRACE.doc
2026-05-12 18:31:48  DEBUG     OK: The Miracle of the Virgin Birth.doc
2026-05-12 18:31:50  DEBUG     OK: The Pastor.doc
2026-05-12 18:31:51  DEBUG     OK: THE PASTORS RESPONSIBILITY.doc
2026-05-12 18:31:53  DEBUG     OK: The Powerful Pull of Perfection - Philip Harrelson.doc
2026-05-12 18:31:54  DEBUG     OK: The Resurrection of Christ and Our Great Salvation.doc
2026-05-12 18:31:56  DEBUG     OK: The Scandalous Affair of David and Bathsheba.doc
2026-05-12 18:31:58  DEBUG     OK: The Second Gift of Christmas.doc
2026-05-12 18:31:59  DEBUG     OK: The Seven I Will's.doc
2026-05-12 18:32:01  DEBUG     OK: The Tabernacle in the Wilderness.doc
2026-05-12 18:32:03  DEBUG     OK: The Three Greatest Events in History.doc
2026-05-12 18:32:05  DEBUG     OK: The Triumph Of A Sorrowful Spirit.doc
2026-05-12 18:32:06  DEBUG     OK: The Unchangeable Gospel.doc
2026-05-12 18:32:08  DEBUG     OK: THE VOICE OF FORGIVENESS.doc
2026-05-12 18:32:09  DEBUG     OK: THE WAY OF THE CROSS LEADS HOME.DOC
2026-05-12 18:32:11  DEBUG     OK: TheCleansing Of A Leper.doc
2026-05-12 18:32:13  DEBUG     OK: Things That Are Coming.doc
2026-05-12 18:32:14  DEBUG     OK: Three Crosses At Calvary.doc
2026-05-12 18:32:16  DEBUG     OK: THREE THINGS THAT MAKE AN OUSTANDING MOTHER.doc
2026-05-12 18:32:17  DEBUG     OK: UNCONCERN.doc
2026-05-12 18:32:19  DEBUG     OK: Verily Verily I Say.doc
2026-05-12 18:32:20  DEBUG     OK: WELLS OF SALVATION.doc
2026-05-12 18:32:22  DEBUG     OK: What A Person Might Be.doc
2026-05-12 18:32:24  DEBUG     OK: WHAT AM I GOING TO DO WHEN I GET TO HEAVEN.doc
2026-05-12 18:32:26  DEBUG     OK: WHAT DO YOU PREACH.doc
2026-05-12 18:32:28  DEBUG     OK: What Does It Mean to Seek The LORD.doc
2026-05-12 18:32:30  DEBUG     OK: WHAT DOES THIS EVIL GENERATION NEED.doc
2026-05-12 18:32:32  DEBUG     OK: WHAT HAPPENED TO THE GLORY.doc
2026-05-12 18:32:34  DEBUG     OK: What Have I Done.doc
2026-05-12 18:32:36  DEBUG     OK: What Is Our Message.doc
2026-05-12 18:32:38  DEBUG     OK: WHAT MATTERS.doc
2026-05-12 18:32:39  DEBUG     OK: What Prayer Changes.doc
2026-05-12 18:32:41  DEBUG     OK: WHAT WE WILL LEAVE BEHIND IN THE RAPTURE.doc
2026-05-12 18:32:42  DEBUG     OK: WHAT WILL IT TAKE TO CAUSE YOU TO BE FAITHFUL.doc
2026-05-12 18:32:44  DEBUG     OK: What's Beyond.doc
2026-05-12 18:32:46  DEBUG     OK: When The Church Loses Its Focus.doc
2026-05-12 18:32:48  DEBUG     OK: WHEN THE LORD COMES.doc
2026-05-12 18:32:49  DEBUG     OK: When The Service Is Over.doc
2026-05-12 18:32:51  DEBUG     OK: WhenIsItRightToFight.doc
2026-05-12 18:32:52  DEBUG     OK: WHERE IS THE MEAT.doc
2026-05-12 18:32:54  DEBUG     OK: Where You Stand What you See.doc
2026-05-12 18:32:56  DEBUG     OK: Which One are You.doc
2026-05-12 18:32:57  DEBUG     OK: Who Is This Man.doc
2026-05-12 18:32:59  DEBUG     OK: Why Cain.doc
2026-05-12 18:33:01  DEBUG     OK: Why I Preach The Resurrection of Christ.doc
2026-05-12 18:33:03  DEBUG     OK: Why Is The Cross Empty.doc
2026-05-12 18:33:05  DEBUG     OK: Why Salvation Must Be A Free Gift.doc
2026-05-12 18:33:07  DEBUG     OK: WHY SO MANY DOUBT THEIR SALVATION.doc
2026-05-12 18:33:09  DEBUG     OK: WILL YOU BE FOUND WATCHING.doc
2026-05-12 18:33:10  DEBUG     OK: WINSOME TO WIN SOME.doc
2026-05-12 18:33:12  DEBUG     OK: WORSHIP IN PUBLIC PRAYER.doc
2026-05-12 18:33:13  DEBUG     OK: WORSHIP IN THE WORD.doc
2026-05-12 18:33:15  DEBUG     OK: Worthy Is the Lam1.doc
2026-05-12 18:33:17  DEBUG     OK: Worthy Is the Lamb.doc
2026-05-12 18:33:19  DEBUG     OK: Yielding to the Potters Hand.doc
2026-05-12 18:33:21  DEBUG     OK: YOUR CHRISTIANITY – HOW VALUABLE.doc
2026-05-12 18:33:21  INFO      Done. 763 converted, 0 failed.
