2026-05-13 00:15:26  INFO      Initializing Firebase...
2026-05-13 00:15:29  INFO      Wiping Firestore collections...
2026-05-13 00:15:33  INFO        Deleted 882 documents from /scripture_references
2026-05-13 00:15:33  INFO      Firestore wiped clean
2026-05-13 00:15:33  INFO      Created pastor: William Hawley (0pGMnDr8IckrWmJUxCvd)
2026-05-13 00:15:33  INFO      Pastor ID: 0pGMnDr8IckrWmJUxCvd
2026-05-13 00:16:30  INFO      Microsoft login successful
2026-05-13 00:16:30  INFO      Fetching OneDrive web URLs...
2026-05-13 00:16:44  INFO      Found 1005 web URLs
2026-05-13 00:16:44  INFO      Scanning local files...
2026-05-13 00:16:44  INFO      Folder: Billy Sunday
2026-05-13 00:16:44  INFO      Folder: Browning
2026-05-13 00:16:44  INFO      Folder: Chapman
2026-05-13 00:16:44  INFO      Folder: FBIS - Cloud
2026-05-13 00:16:44  INFO      Folder: Franklin Sermons
2026-05-13 00:16:44  INFO      Folder: Hughes
2026-05-13 00:16:44  INFO      Skipping: Illustrations
2026-05-13 00:16:44  INFO      Folder: Johnston
2026-05-13 00:16:44  INFO      Found 1041 sermon files
2026-05-13 00:17:42  WARNING   Firestore quota hit, waiting 15s (attempt 1)...
2026-05-13 00:18:39  WARNING   Firestore quota hit, waiting 30s (attempt 2)...
2026-05-13 00:20:09  WARNING   Firestore quota hit, waiting 45s (attempt 3)...
2026-05-13 00:21:43  WARNING   Firestore quota hit, waiting 60s (attempt 4)...
2026-05-13 00:23:37  WARNING   Firestore quota hit, waiting 75s (attempt 5)...
2026-05-13 00:24:52  ERROR     FAILED: CHOICES THAT WILL CHANGE YOUR LIFE 2 CHOOSING GOD'S FORGIVENESS.docx — Timeout of 60.0s exceeded, last exception: 429 Quota exceeded.
2026-05-13 00:27:00  INFO      Initializing Firebase...
2026-05-13 00:27:03  INFO      Wiping Firestore collections...
2026-05-13 00:27:04  INFO      Firestore wiped clean
2026-05-13 00:27:05  INFO      Created pastor: William Hawley (OoWDN1QLuRG27rXymrFi)
2026-05-13 00:27:05  INFO      Pastor ID: OoWDN1QLuRG27rXymrFi
2026-05-13 00:27:40  INFO      Microsoft login successful
2026-05-13 00:27:40  INFO      Fetching OneDrive web URLs...
2026-05-13 00:27:53  INFO      Found 1005 web URLs
2026-05-13 00:27:53  INFO      Scanning local files...
2026-05-13 00:27:53  INFO      Folder: Billy Sunday
2026-05-13 00:27:53  INFO      Folder: Browning
2026-05-13 00:27:53  INFO      Folder: Chapman
2026-05-13 00:27:53  INFO      Folder: FBIS - Cloud
2026-05-13 00:27:53  INFO      Folder: Franklin Sermons
2026-05-13 00:27:53  INFO      Folder: Hughes
2026-05-13 00:27:53  INFO      Skipping: Illustrations
2026-05-13 00:27:53  INFO      Folder: Johnston
2026-05-13 00:27:53  INFO      Found 1041 sermon files
2026-05-13 00:28:41  WARNING   Firestore quota hit, waiting 15s (attempt 1)...
2026-05-13 00:29:44  WARNING   Firestore quota hit, waiting 30s (attempt 2)...
2026-05-13 00:31:05  WARNING   Firestore quota hit, waiting 45s (attempt 3)...
2026-05-13 00:32:47  WARNING   Firestore quota hit, waiting 60s (attempt 4)...
2026-05-13 00:35:40  INFO      Initializing Firebase...
2026-05-13 00:35:48  INFO      Wiping Firestore collections...
2026-05-13 00:35:49  INFO      Firestore wiped clean
2026-05-13 00:35:50  INFO      Created pastor: William Hawley (aX2Fqyd2djuRWjcsO0vm)
2026-05-13 00:35:50  INFO      Pastor ID: aX2Fqyd2djuRWjcsO0vm
2026-05-13 00:36:24  INFO      Microsoft login successful
2026-05-13 00:36:24  INFO      Fetching OneDrive web URLs...
2026-05-13 00:36:37  INFO      Found 1005 web URLs
2026-05-13 00:36:37  INFO      Scanning local files...
2026-05-13 00:36:37  INFO      Folder: Billy Sunday
2026-05-13 00:36:37  INFO      Folder: Browning
2026-05-13 00:36:37  INFO      Folder: Chapman
2026-05-13 00:36:37  INFO      Folder: FBIS - Cloud
2026-05-13 00:36:37  INFO      Folder: Franklin Sermons
2026-05-13 00:36:37  INFO      Folder: Hughes
2026-05-13 00:36:37  INFO      Skipping: Illustrations
2026-05-13 00:36:37  INFO      Folder: Johnston
2026-05-13 00:36:37  INFO      Found 1041 sermon files
